src/analytics/analytics.controller.spec.ts(113,39): error TS2339: Property 'getRevenue' does not exist on type 'AnalyticsController'.
src/analytics/analytics.controller.spec.ts(141,24): error TS2339: Property 'getRevenue' does not exist on type 'AnalyticsController'.
src/api-key/api-key.controller.ts(23,36): error TS2307: Cannot find module './api-key-usage.service' or its corresponding type declarations.
src/api-key/api-key.controller.ts(24,64): error TS2307: Cannot find module './dto' or its corresponding type declarations.
src/api-key/api-key.controller.ts(29,8): error TS2307: Cannot find module './dto/api-key-response.dto' or its corresponding type declarations.
src/api-key/api-key.controller.ts(58,31): error TS2339: Property 'findAllByMerchant' does not exist on type 'ApiKeyService'.
src/api-key/api-key.controller.ts(65,31): error TS2339: Property 'findOne' does not exist on type 'ApiKeyService'.
src/api-key/api-key.controller.ts(71,31): error TS2339: Property 'updateScopes' does not exist on type 'ApiKeyService'.
src/api-key/api-key.controller.ts(84,31): error TS2339: Property 'rotate' does not exist on type 'ApiKeyService'.
src/api-key/api-key.controller.ts(104,31): error TS2339: Property 'updateIpWhitelist' does not exist on type 'ApiKeyService'.
src/api-key/api-key.service.ts(4,24): error TS2307: Cannot find module './api-key.entity' or its corresponding type declarations.
src/app.controller.ts(21,43): error TS2339: Property 'checkHealth' does not exist on type 'DatabaseHealthIndicator'.
src/auth/services/admin-two-factor.service.spec.ts(17,31): error TS2307: Cannot find module 'otplib' or its corresponding type declarations.
src/auth/services/admin-two-factor.service.spec.ts(150,57): error TS2345: Argument of type 'number' is not assignable to parameter of type 'void | Promise<void>'.
src/auth/services/admin-two-factor.service.spec.ts(243,57): error TS2345: Argument of type 'number' is not assignable to parameter of type 'void | Promise<void>'.
src/auth/services/admin-two-factor.service.spec.ts(270,57): error TS2345: Argument of type 'number' is not assignable to parameter of type 'void | Promise<void>'.
src/auth/services/admin-two-factor.service.ts(18,31): error TS2307: Cannot find module 'otplib' or its corresponding type declarations.
src/auth/strategies/admin-jwt.strategy.spec.ts(50,11): error TS2741: Property 'sessionId' is missing in type '{ sub: string; email: string; role: UserRole.ADMIN; type: "admin"; iat: number; exp: number; }' but required in type 'AdminJwtPayload'.
src/blockchain/services/blockchain-monitoring-admin.service.ts(11,24): error TS2307: Cannot find module 'ethers' or its corresponding type declarations.
src/blockchain/services/blockchain-monitoring-admin.service.ts(239,7): error TS2322: Type 'UpdateRpcEndpointDto' is not assignable to type 'Record<string, unknown>'.
  Index signature for type 'string' is missing in type 'UpdateRpcEndpointDto'.
src/blockchain/services/stellar-client.service.ts(7,19): error TS2307: Cannot find module 'axios' or its corresponding type declarations.
src/common/errors/error-codes.enum.ts(132,14): error TS2739: Type '{ "1000": { message: string; httpStatus: number; userMessage: string; }; "1001": { message: string; httpStatus: number; userMessage: string; }; "1002": { message: string; httpStatus: number; userMessage: string; }; ... 78 more ...; "9300": { ...; }; }' is missing the following properties from type 'Record<ErrorCode, { message: string; httpStatus: number; userMessage: string; }>': 9010, 9011
src/Compliance Reporting/compliance-email.service.ts(3,29): error TS2307: Cannot find module 'nodemailer' or its corresponding type declarations.
src/Compliance Reporting/compliance-email.service.ts(12,36): error TS2339: Property 'getOrThrow' does not exist on type 'ConfigService<Record<string, unknown>, false>'.
src/Compliance Reporting/compliance-email.service.ts(15,25): error TS2339: Property 'getOrThrow' does not exist on type 'ConfigService<Record<string, unknown>, false>'.
src/Compliance Reporting/compliance-email.service.ts(19,27): error TS2339: Property 'getOrThrow' does not exist on type 'ConfigService<Record<string, unknown>, false>'.
src/Compliance Reporting/compliance-email.service.ts(20,27): error TS2339: Property 'getOrThrow' does not exist on type 'ConfigService<Record<string, unknown>, false>'.
src/Compliance Reporting/compliance-report.entity.ts(14,8): error TS2307: Cannot find module '../enums/compliance-report.enum' or its corresponding type declarations.
src/Compliance Reporting/compliance-report.processor.ts(8,8): error TS2307: Cannot find module '../interfaces/compliance-report-job.interface' or its corresponding type declarations.
src/Compliance Reporting/compliance-report.processor.ts(9,35): error TS2307: Cannot find module '../services/compliance.service' or its corresponding type declarations.
src/Compliance Reporting/compliance-report.processor.ts(10,42): error TS2307: Cannot find module '../services/compliance-storage.service' or its corresponding type declarations.
src/Compliance Reporting/compliance-report.processor.ts(11,38): error TS2307: Cannot find module '../services/report-builder.service' or its corresponding type declarations.
src/Compliance Reporting/compliance-report.processor.ts(12,40): error TS2307: Cannot find module '../services/compliance-email.service' or its corresponding type declarations.
src/Compliance Reporting/compliance-storage.service.ts(23,27): error TS2339: Property 'getOrThrow' does not exist on type 'ConfigService<Record<string, unknown>, false>'.
src/Compliance Reporting/compliance-storage.service.ts(25,34): error TS2339: Property 'getOrThrow' does not exist on type 'ConfigService<Record<string, unknown>, false>'.
src/Compliance Reporting/compliance-storage.service.ts(26,38): error TS2339: Property 'getOrThrow' does not exist on type 'ConfigService<Record<string, unknown>, false>'.
src/Compliance Reporting/compliance-storage.service.ts(29,31): error TS2339: Property 'getOrThrow' does not exist on type 'ConfigService<Record<string, unknown>, false>'.
src/Compliance Reporting/compliance.controller.ts(20,35): error TS2307: Cannot find module '../services/compliance.service' or its corresponding type declarations.
src/Compliance Reporting/compliance.controller.ts(21,45): error TS2307: Cannot find module '../dto/generate-compliance-report.dto' or its corresponding type declarations.
src/Compliance Reporting/compliance.controller.ts(22,36): error TS2307: Cannot find module '../dto/pagination-query.dto' or its corresponding type declarations.
src/Compliance Reporting/compliance.controller.ts(28,30): error TS2307: Cannot find module '../../auth/guards/jwt-auth.guard' or its corresponding type declarations.
src/Compliance Reporting/compliance.controller.ts(29,36): error TS2307: Cannot find module '../../auth/decorators/require-permissions.decorator' or its corresponding type declarations.
src/Compliance Reporting/compliance.module.ts(4,34): error TS2307: Cannot find module './entities/compliance-report.entity' or its corresponding type declarations.
src/Compliance Reporting/compliance.module.ts(5,38): error TS2307: Cannot find module './controllers/compliance.controller' or its corresponding type declarations.
src/Compliance Reporting/compliance.module.ts(6,35): error TS2307: Cannot find module './services/compliance.service' or its corresponding type declarations.
src/Compliance Reporting/compliance.module.ts(7,42): error TS2307: Cannot find module './services/compliance-storage.service' or its corresponding type declarations.
src/Compliance Reporting/compliance.module.ts(8,38): error TS2307: Cannot find module './services/report-builder.service' or its corresponding type declarations.
src/Compliance Reporting/compliance.module.ts(9,40): error TS2307: Cannot find module './services/compliance-email.service' or its corresponding type declarations.
src/Compliance Reporting/compliance.module.ts(10,43): error TS2307: Cannot find module './processors/compliance-report.processor' or its corresponding type declarations.
src/Compliance Reporting/compliance.module.ts(11,41): error TS2307: Cannot find module './interfaces/compliance-report-job.interface' or its corresponding type declarations.
src/Compliance Reporting/compliance.service.spec.ts(5,35): error TS2307: Cannot find module '../src/compliance/services/compliance.service' or its corresponding type declarations.
src/Compliance Reporting/compliance.service.spec.ts(6,42): error TS2307: Cannot find module '../src/compliance/services/compliance-storage.service' or its corresponding type declarations.
src/Compliance Reporting/compliance.service.spec.ts(7,34): error TS2307: Cannot find module '../src/compliance/entities/compliance-report.entity' or its corresponding type declarations.
src/Compliance Reporting/compliance.service.spec.ts(8,41): error TS2307: Cannot find module '../src/compliance/interfaces/compliance-report-job.interface' or its corresponding type declarations.
src/Compliance Reporting/compliance.service.spec.ts(13,8): error TS2307: Cannot find module '../src/compliance/enums/compliance-report.enum' or its corresponding type declarations.
src/Compliance Reporting/compliance.service.ts(11,34): error TS2307: Cannot find module '../entities/compliance-report.entity' or its corresponding type declarations.
src/Compliance Reporting/compliance.service.ts(12,45): error TS2307: Cannot find module '../dto/generate-compliance-report.dto' or its corresponding type declarations.
src/Compliance Reporting/compliance.service.ts(13,36): error TS2307: Cannot find module '../dto/pagination-query.dto' or its corresponding type declarations.
src/Compliance Reporting/compliance.service.ts(17,8): error TS2307: Cannot find module '../enums/compliance-report.enum' or its corresponding type declarations.
src/Compliance Reporting/compliance.service.ts(22,8): error TS2307: Cannot find module '../interfaces/compliance-report-job.interface' or its corresponding type declarations.
src/Compliance Reporting/generate-compliance-report.dto.ts(10,52): error TS2307: Cannot find module '../enums/compliance-report.enum' or its corresponding type declarations.
src/Compliance Reporting/report-builder.service.ts(7,8): error TS2307: Cannot find module '../interfaces/transaction-report-row.interface' or its corresponding type declarations.
src/Compliance Reporting/report-builder.service.ts(8,52): error TS2307: Cannot find module '../enums/compliance-report.enum' or its corresponding type declarations.
src/Compliance Reporting/report-builder.service.ts(378,34): error TS2307: Cannot find module 'exceljs' or its corresponding type declarations.
src/Compliance Reporting/report-builder.service.ts(401,39): error TS2307: Cannot find module 'pdfkit' or its corresponding type declarations.
src/Data export/app.module.ts(5,30): error TS2307: Cannot find module '@nestjs-modules/mailer' or its corresponding type declarations.
src/Data export/app.module.ts(6,35): error TS2307: Cannot find module '@nestjs-modules/mailer/dist/adapters/handlebars.adapter' or its corresponding type declarations.
src/Data export/app.module.ts(9,27): error TS2307: Cannot find module './exports/entities/export-job.entity' or its corresponding type declarations.
src/Data export/app.module.ts(10,31): error TS2307: Cannot find module './exports/exports.module' or its corresponding type declarations.
src/Data export/app.module.ts(11,40): error TS2307: Cannot find module './notifications/notifications.processor' or its corresponding type declarations.
src/Data export/app.module.ts(12,27): error TS2307: Cannot find module './exports/services/s3.service' or its corresponding type declarations.
src/Data export/app.module.ts(13,37): error TS2307: Cannot find module './exports/processors/export.processor' or its corresponding type declarations.
src/Data export/column-definitions.ts(1,36): error TS2307: Cannot find module '../enums/export.enums' or its corresponding type declarations.
src/Data export/create-export.dto.ts(9,50): error TS2307: Cannot find module '../enums/export.enums' or its corresponding type declarations.
src/Data export/export-data.service.ts(4,36): error TS2307: Cannot find module '../enums/export.enums' or its corresponding type declarations.
src/Data export/export-job.entity.ts(8,64): error TS2307: Cannot find module '../enums/export.enums' or its corresponding type declarations.
src/Data export/export-writer.util.ts(2,27): error TS2307: Cannot find module 'csv-stringify' or its corresponding type declarations.
src/Data export/export-writer.util.ts(3,30): error TS2307: Cannot find module '../enums/export.enums' or its corresponding type declarations.
src/Data export/export-writer.util.ts(65,34): error TS2307: Cannot find module 'exceljs' or its corresponding type declarations.
src/Data export/export.processor.ts(7,25): error TS2307: Cannot find module 'date-fns' or its corresponding type declarations.
src/Data export/export.processor.ts(10,27): error TS2307: Cannot find module '../entities/export-job.entity' or its corresponding type declarations.
src/Data export/export.processor.ts(11,30): error TS2307: Cannot find module '../enums/export.enums' or its corresponding type declarations.
src/Data export/export.processor.ts(14,30): error TS2307: Cannot find module '../utils/export-writer.util' or its corresponding type declarations.
src/Data export/export.processor.ts(15,36): error TS2307: Cannot find module '../utils/column-definitions' or its corresponding type declarations.
src/Data export/exports.controller.ts(14,33): error TS2307: Cannot find module './dto/create-export.dto' or its corresponding type declarations.
src/Data export/exports.module.ts(6,27): error TS2307: Cannot find module './entities/export-job.entity' or its corresponding type declarations.
src/Data export/exports.module.ts(9,35): error TS2307: Cannot find module './services/export-data.service' or its corresponding type declarations.
src/Data export/exports.module.ts(10,27): error TS2307: Cannot find module './services/s3.service' or its corresponding type declarations.
src/Data export/exports.module.ts(11,68): error TS2307: Cannot find module './processors/export.processor' or its corresponding type declarations.
src/Data export/exports.service.ts(13,27): error TS2307: Cannot find module '../entities/export-job.entity' or its corresponding type declarations.
src/Data export/exports.service.ts(14,30): error TS2307: Cannot find module '../enums/export.enums' or its corresponding type declarations.
src/Data export/exports.service.ts(15,33): error TS2307: Cannot find module '../dto/create-export.dto' or its corresponding type declarations.
src/Data export/exports.service.ts(18,30): error TS2307: Cannot find module '../processors/export.processor' or its corresponding type declarations.
src/Data export/notifications.processor.ts(6,31): error TS2307: Cannot find module '@nestjs-modules/mailer' or its corresponding type declarations.
src/Data export/notifications.processor.ts(8,27): error TS2307: Cannot find module '../exports/entities/export-job.entity' or its corresponding type declarations.
src/Data export/notifications.processor.ts(9,27): error TS2307: Cannot find module '../exports/services/s3.service' or its corresponding type declarations.
src/Data export/notifications.processor.ts(10,37): error TS2307: Cannot find module '../exports/processors/export.processor' or its corresponding type declarations.
src/database/seeds/liquidity-provider.seeder.ts(2,51): error TS2307: Cannot find module '../exchange-rate/entities/liquidity-provider.entity' or its corresponding type declarations.
src/database/seeds/roles.seed.ts(5,7): error TS2739: Type '{ super_admin: string; admin: string; support_admin: string; merchant: string; user: string; }' is missing the following properties from type 'Record<UserRole, string>': finance_admin, operations_admin
src/Fraud & Risk Monitoring/src/config/typeorm.config.ts(2,37): error TS2307: Cannot find module '../../modules/risk/entities' or its corresponding type declarations.
src/Fraud & Risk Monitoring/src/config/typeorm.config.ts(16,3): error TS2353: Object literal may only specify known properties, and 'cli' does not exist in type '{ retryAttempts?: number; retryDelay?: number; toRetry?: (err: any) => boolean; autoLoadEntities?: boolean; verboseRetryLog?: boolean; manualInitialization?: boolean; } & Partial<PostgresConnectionOptions>'.
src/Fraud & Risk Monitoring/src/modules/risk/services/risk-management.service.ts(208,7): error TS2769: No overload matches this call.
  Overload 1 of 3, '(entityLikeArray: DeepPartial<RiskAlert>[]): RiskAlert[]', gave the following error.
    Object literal may only specify known properties, and 'triggeredRuleId' does not exist in type 'DeepPartial<RiskAlert>[]'.
src/Fraud & Risk Monitoring/src/modules/risk/services/risk-management.service.ts(217,5): error TS2740: Type 'RiskAlert[]' is missing the following properties from type 'RiskAlert': id, severity, type, message, and 10 more.
src/Fraud & Risk Monitoring/src/modules/risk/tests/rule-evaluation.service.spec.ts(84,9): error TS2322: Type '"lte"' is not assignable to type '"gte"'.
src/Fraud & Risk Monitoring/src/modules/risk/tests/rule-evaluation.service.spec.ts(98,9): error TS2322: Type '"eq"' is not assignable to type '"gte"'.
src/Fraud & Risk Monitoring/test/risk-monitoring.e2e.spec.ts(4,27): error TS2307: Cannot find module '../app.module' or its corresponding type declarations.
src/Fraud & Risk Monitoring/test/risk-monitoring.e2e.spec.ts(5,39): error TS2307: Cannot find module '../modules/risk/services' or its corresponding type declarations.
src/Fraud & Risk Monitoring/test/risk-monitoring.e2e.spec.ts(6,52): error TS2307: Cannot find module '../modules/risk/dto' or its corresponding type declarations.
src/Fraud & Risk Monitoring/test/risk-monitoring.e2e.spec.ts(11,8): error TS2307: Cannot find module '../modules/risk/enums' or its corresponding type declarations.
src/kyc/services/__tests__/kyc-review.service.spec.ts(17,36): error TS2307: Cannot find module '../../enums/kyc-review.enums' or its corresponding type declarations.
src/kyc/services/__tests__/risk-assessment.service.spec.ts(78,32): error TS2339: Property 'toBeOneOf' does not exist on type 'JestMatchers<RiskLevel>'.
src/kyc/services/__tests__/risk-assessment.service.spec.ts(125,32): error TS2339: Property 'toBeOneOf' does not exist on type 'JestMatchers<RiskLevel>'.
src/kyc/services/__tests__/risk-assessment.service.spec.ts(228,32): error TS2339: Property 'toBeOneOf' does not exist on type 'JestMatchers<RiskLevel>'.
src/maintenance/services/announcement.service.ts(61,7): error TS2322: Type 'UpdateAnnouncementDto' is not assignable to type 'Record<string, unknown>'.
  Index signature for type 'string' is missing in type 'UpdateAnnouncementDto'.
src/merchant/repositories/merchant.repository.spec.ts(22,30): error TS2339: Property 'NOT_STARTED' does not exist on type 'typeof KycStatus'.
src/merchant/repositories/merchant.repository.spec.ts(23,9): error TS2353: Object literal may only specify known properties, and 'emailVerified' does not exist in type 'Partial<Merchant>'.
src/merchant/repositories/merchant.repository.spec.ts(24,46): error TS2551: Property 'NOT_VERIFIED' does not exist on type 'typeof BankAccountStatus'. Did you mean 'VERIFIED'?
src/merchant/services/document-request.service.ts(30,36): error TS2554: Expected 4-6 arguments, but got 1.
src/merchant/services/merchant-document.service.spec.ts(12,34): error TS2307: Cannot find module 'date-fns' or its corresponding type declarations.
src/merchant/services/merchant-document.service.ts(12,56): error TS2307: Cannot find module 'date-fns' or its corresponding type declarations.
src/merchant/services/merchant-document.service.ts(175,36): error TS2554: Expected 4-6 arguments, but got 1.
src/merchant/services/merchant-document.service.ts(239,36): error TS2554: Expected 4-6 arguments, but got 1.
src/merchant/services/merchant.service.spec.ts(9,5): error TS2305: Module '"../../database/entities/merchant.entity"' has no exported member 'BusinessType'.
src/merchant/services/merchant.service.spec.ts(41,30): error TS2339: Property 'NOT_STARTED' does not exist on type 'typeof KycStatus'.
src/merchant/services/merchant.service.spec.ts(42,9): error TS2353: Object literal may only specify known properties, and 'emailVerified' does not exist in type 'Partial<Merchant>'.
src/merchant/services/merchant.service.spec.ts(43,46): error TS2551: Property 'NOT_VERIFIED' does not exist on type 'typeof BankAccountStatus'. Did you mean 'VERIFIED'?
src/merchant/services/merchant.service.spec.ts(131,42): error TS2339: Property 'registerMerchant' does not exist on type 'MerchantService'.
src/merchant/services/merchant.service.spec.ts(142,34): error TS2339: Property 'registerMerchant' does not exist on type 'MerchantService'.
src/merchant/services/merchant.service.spec.ts(160,42): error TS2554: Expected 2 arguments, but got 1.
src/merchant/services/merchant.service.spec.ts(162,27): error TS2339: Property 'emailVerified' does not exist on type 'boolean'.
src/merchant/services/merchant.service.spec.ts(169,34): error TS2554: Expected 2 arguments, but got 1.
src/merchant/services/merchant.service.spec.ts(178,34): error TS2554: Expected 2 arguments, but got 1.
src/merchant/services/merchant.service.spec.ts(191,34): error TS2554: Expected 2 arguments, but got 1.
src/merchant/services/merchant.service.spec.ts(201,42): error TS2339: Property 'getMerchantById' does not exist on type 'MerchantService'.
src/merchant/services/merchant.service.spec.ts(209,34): error TS2339: Property 'getMerchantById' does not exist on type 'MerchantService'.
src/merchant/services/merchant.service.spec.ts(271,42): error TS2339: Property 'submitKycDocuments' does not exist on type 'MerchantService'.
src/merchant/services/merchant.service.spec.ts(280,34): error TS2339: Property 'submitKycDocuments' does not exist on type 'MerchantService'.
src/merchant/services/merchant.service.spec.ts(293,34): error TS2339: Property 'submitKycDocuments' does not exist on type 'MerchantService'.
src/merchant/services/merchant.service.spec.ts(306,34): error TS2339: Property 'submitKycDocuments' does not exist on type 'MerchantService'.
src/merchant/services/merchant.service.spec.ts(328,42): error TS2339: Property 'verifyKyc' does not exist on type 'MerchantService'.
src/merchant/services/merchant.service.spec.ts(349,42): error TS2339: Property 'verifyKyc' does not exist on type 'MerchantService'.
src/merchant/services/merchant.service.spec.ts(378,42): error TS2339: Property 'updateBankAccount' does not exist on type 'MerchantService'.
src/merchant/services/merchant.service.spec.ts(400,42): error TS2339: Property 'verifyBankAccount' does not exist on type 'MerchantService'.
src/merchant/services/merchant.service.spec.ts(409,34): error TS2339: Property 'verifyBankAccount' does not exist on type 'MerchantService'.
src/merchant/services/merchant.service.spec.ts(423,34): error TS2339: Property 'verifyBankAccount' does not exist on type 'MerchantService'.
src/merchant/services/merchant.service.spec.ts(437,42): error TS2339: Property 'activateMerchant' does not exist on type 'MerchantService'.
src/merchant/services/merchant.service.spec.ts(449,42): error TS2339: Property 'suspendMerchant' does not exist on type 'MerchantService'.
src/merchant/services/merchant.service.spec.ts(461,42): error TS2339: Property 'searchMerchants' does not exist on type 'MerchantService'.
src/merchant/services/merchant.service.spec.ts(473,34): error TS2339: Property 'checkAndIncrementApiQuota' does not exist on type 'MerchantService'.
src/merchant/services/merchant.service.spec.ts(481,34): error TS2339: Property 'checkAndIncrementApiQuota' does not exist on type 'MerchantService'.
src/merchant/services/merchant.service.spec.ts(491,42): error TS2339: Property 'getMerchantAnalytics' does not exist on type 'MerchantService'.
src/merchant/services/merchant.service.spec.ts(513,42): error TS2339: Property 'getMerchantStatistics' does not exist on type 'MerchantService'.
src/privacy/controllers/data-retention.controller.ts(34,7): error TS2820: Type '"UPDATE"' is not assignable to type 'AuditAction'. Did you mean 'AuditAction.UPDATE'?
src/privacy/controllers/data-retention.controller.ts(36,7): error TS2820: Type '"ADMIN"' is not assignable to type 'ActorType'. Did you mean 'ActorType.ADMIN'?
src/privacy/controllers/data-retention.controller.ts(37,7): error TS2322: Type 'DataRetentionPolicy' is not assignable to type 'Record<string, unknown>'.
  Index signature for type 'string' is missing in type 'DataRetentionPolicy'.
src/privacy/controllers/data-retention.controller.ts(50,7): error TS2322: Type '"DATA_PURGE_TRIGGERED"' is not assignable to type 'AuditAction'.
src/privacy/controllers/data-retention.controller.ts(52,7): error TS2820: Type '"ADMIN"' is not assignable to type 'ActorType'. Did you mean 'ActorType.ADMIN'?
src/privacy/controllers/privacy.controller.ts(41,7): error TS2820: Type '"UPDATE"' is not assignable to type 'AuditAction'. Did you mean 'AuditAction.UPDATE'?
src/privacy/controllers/privacy.controller.ts(43,7): error TS2820: Type '"ADMIN"' is not assignable to type 'ActorType'. Did you mean 'ActorType.ADMIN'?
src/privacy/controllers/privacy.controller.ts(44,7): error TS2322: Type 'DataDeletionRequest' is not assignable to type 'Record<string, unknown>'.
  Index signature for type 'string' is missing in type 'DataDeletionRequest'.
src/privacy/controllers/privacy.controller.ts(66,7): error TS2322: Type '"MERCHANT_DATA_DELETED"' is not assignable to type 'AuditAction'.
src/privacy/controllers/privacy.controller.ts(68,7): error TS2820: Type '"ADMIN"' is not assignable to type 'ActorType'. Did you mean 'ActorType.ADMIN'?
src/privacy/controllers/privacy.controller.ts(70,7): error TS2322: Type '"PERMANENT"' is not assignable to type 'DataClassification'.
src/privacy/controllers/privacy.controller.ts(83,7): error TS2322: Type '"DATA_EXPORT_REQUESTED"' is not assignable to type 'AuditAction'.
src/privacy/controllers/privacy.controller.ts(85,7): error TS2820: Type '"ADMIN"' is not assignable to type 'ActorType'. Did you mean 'ActorType.ADMIN'?
src/reconciliation/reconciliation.service.spec.ts(5,23): error TS2459: Module '"../transactions/entities/transaction.entity"' declares 'TransactionStatus' locally, but it is not exported.
src/Refund Management/test/refunds/refund.service.spec.ts(3,31): error TS2307: Cannot find module '../../../src/modules/refunds/services/refund.service' or its corresponding type declarations.
src/Refund Management/test/refunds/refund.service.spec.ts(4,24): error TS2307: Cannot find module '../../../src/modules/refunds/entities/refund.entity' or its corresponding type declarations.
src/Refund Management/test/refunds/refund.service.spec.ts(9,8): error TS2307: Cannot find module '../../../src/common/enums' or its corresponding type declarations.
src/Refund Management/test/refunds/refund.service.spec.ts(11,30): error TS2307: Cannot find module '../../../src/modules/audit/services/audit.service' or its corresponding type declarations.
src/Refund Management/test/settlements/settlement.service.spec.ts(3,35): error TS2307: Cannot find module '../../../src/modules/settlements/services/settlement.service' or its corresponding type declarations.
src/Refund Management/test/settlements/settlement.service.spec.ts(4,28): error TS2307: Cannot find module '../../../src/modules/settlements/entities/settlement.entity' or its corresponding type declarations.
src/Refund Management/test/settlements/settlement.service.spec.ts(5,34): error TS2307: Cannot find module '../../../src/common/enums' or its corresponding type declarations.
src/Refund Management/test/settlements/settlement.service.spec.ts(7,30): error TS2307: Cannot find module '../../../src/modules/audit/services/audit.service' or its corresponding type declarations.
src/Supported Chains & Tokens Configuration/src/config/services/blockchain-config.service.spec.ts(117,24): error TS2339: Property 'nodeStatus' does not exist on type 'BlockchainConfig'.
src/Supported Chains & Tokens Configuration/src/config/services/blockchain-config.service.ts(46,5): error TS2322: Type '{ rpcUrl: string; fallbackRpcUrl: string; id: string; chainId: string; displayName: string; explorerUrl: string; requiredConfirmations: number; isEnabled: boolean; isTestnet: boolean; chainIdNumeric: number; ... 4 more ...; updatedAt: Date; }[]' is not assignable to type 'BlockchainConfig[]'.
  Type '{ rpcUrl: string; fallbackRpcUrl: string; id: string; chainId: string; displayName: string; explorerUrl: string; requiredConfirmations: number; isEnabled: boolean; isTestnet: boolean; chainIdNumeric: number; ... 4 more ...; updatedAt: Date; }' is missing the following properties from type 'BlockchainConfig': hasId, save, remove, softRemove, and 2 more.
src/Supported Chains & Tokens Configuration/src/config/services/blockchain-config.service.ts(72,5): error TS2322: Type '{ nodeStatus: { healthy: boolean; fallbackHealthy: boolean; }; id: string; chainId: string; displayName: string; rpcUrl: string; fallbackRpcUrl: string; explorerUrl: string; requiredConfirmations: number; ... 7 more ...; updatedAt: Date; }[]' is not assignable to type 'BlockchainConfig[]'.
  Type '{ nodeStatus: { healthy: boolean; fallbackHealthy: boolean; }; id: string; chainId: string; displayName: string; rpcUrl: string; fallbackRpcUrl: string; explorerUrl: string; requiredConfirmations: number; ... 7 more ...; updatedAt: Date; }' is missing the following properties from type 'BlockchainConfig': hasId, save, remove, softRemove, and 2 more.
src/Supported Chains & Tokens Configuration/src/config/services/blockchain-config.service.ts(90,5): error TS2740: Type '{ rpcUrl: string; fallbackRpcUrl: string; id: string; chainId: string; displayName: string; explorerUrl: string; requiredConfirmations: number; isEnabled: boolean; isTestnet: boolean; chainIdNumeric: number; ... 4 more ...; updatedAt: Date; }' is missing the following properties from type 'BlockchainConfig': hasId, save, remove, softRemove, and 2 more.
src/Supported Chains & Tokens Configuration/src/config/services/blockchain-config.service.ts(114,5): error TS2740: Type '{ nodeStatus: { healthy: boolean; fallbackHealthy: boolean; }; id: string; chainId: string; displayName: string; rpcUrl: string; fallbackRpcUrl: string; explorerUrl: string; requiredConfirmations: number; ... 7 more ...; updatedAt: Date; }' is missing the following properties from type 'BlockchainConfig': hasId, save, remove, softRemove, and 2 more.
src/Supported Chains & Tokens Configuration/src/config/services/cache.service.ts(44,44): error TS2551: Property 'store' does not exist on type 'Cache'. Did you mean 'stores'?
src/Supported Chains & Tokens Configuration/src/config/services/rpc.service.ts(2,24): error TS2307: Cannot find module 'ethers' or its corresponding type declarations.
src/Supported Chains & Tokens Configuration/src/config/services/token-config.service.ts(143,7): error TS2769: No overload matches this call.
  Overload 1 of 3, '(entityLikeArray: DeepPartial<TokenConfig>[]): TokenConfig[]', gave the following error.
    Object literal may only specify known properties, and 'chainId' does not exist in type 'DeepPartial<TokenConfig>[]'.
src/Supported Chains & Tokens Configuration/src/config/services/token-config.service.ts(161,18): error TS2339: Property 'id' does not exist on type 'TokenConfig[]'.
src/Supported Chains & Tokens Configuration/src/config/services/token-config.service.ts(170,27): error TS2339: Property 'id' does not exist on type 'TokenConfig[]'.
src/Supported Chains & Tokens Configuration/src/config/services/token-config.service.ts(186,5): error TS2740: Type 'TokenConfig[]' is missing the following properties from type 'TokenConfig': id, chainId, tokenAddress, symbol, and 16 more.
test/admin-auth.e2e-spec.ts(106,30): error TS2349: This expression is not callable.
  Type '{ default: SuperTestStatic; Test: typeof Test; agent: typeof TestAgent & ((app?: App, options?: AgentOptions) => TestAgent<Test>); }' has no call signatures.
test/admin-auth.e2e-spec.ts(132,30): error TS2349: This expression is not callable.
  Type '{ default: SuperTestStatic; Test: typeof Test; agent: typeof TestAgent & ((app?: App, options?: AgentOptions) => TestAgent<Test>); }' has no call signatures.
test/admin-auth.e2e-spec.ts(144,13): error TS2349: This expression is not callable.
  Type '{ default: SuperTestStatic; Test: typeof Test; agent: typeof TestAgent & ((app?: App, options?: AgentOptions) => TestAgent<Test>); }' has no call signatures.
test/admin-auth.e2e-spec.ts(154,13): error TS2349: This expression is not callable.
  Type '{ default: SuperTestStatic; Test: typeof Test; agent: typeof TestAgent & ((app?: App, options?: AgentOptions) => TestAgent<Test>); }' has no call signatures.
test/admin-auth.e2e-spec.ts(164,13): error TS2349: This expression is not callable.
  Type '{ default: SuperTestStatic; Test: typeof Test; agent: typeof TestAgent & ((app?: App, options?: AgentOptions) => TestAgent<Test>); }' has no call signatures.
test/admin-auth.e2e-spec.ts(176,15): error TS2349: This expression is not callable.
  Type '{ default: SuperTestStatic; Test: typeof Test; agent: typeof TestAgent & ((app?: App, options?: AgentOptions) => TestAgent<Test>); }' has no call signatures.
test/admin-auth.e2e-spec.ts(186,13): error TS2349: This expression is not callable.
  Type '{ default: SuperTestStatic; Test: typeof Test; agent: typeof TestAgent & ((app?: App, options?: AgentOptions) => TestAgent<Test>); }' has no call signatures.
test/admin-auth.e2e-spec.ts(196,13): error TS2349: This expression is not callable.
  Type '{ default: SuperTestStatic; Test: typeof Test; agent: typeof TestAgent & ((app?: App, options?: AgentOptions) => TestAgent<Test>); }' has no call signatures.
test/admin-auth.e2e-spec.ts(204,13): error TS2349: This expression is not callable.
  Type '{ default: SuperTestStatic; Test: typeof Test; agent: typeof TestAgent & ((app?: App, options?: AgentOptions) => TestAgent<Test>); }' has no call signatures.
test/admin-auth.e2e-spec.ts(218,35): error TS2349: This expression is not callable.
  Type '{ default: SuperTestStatic; Test: typeof Test; agent: typeof TestAgent & ((app?: App, options?: AgentOptions) => TestAgent<Test>); }' has no call signatures.
test/admin-auth.e2e-spec.ts(229,30): error TS2349: This expression is not callable.
  Type '{ default: SuperTestStatic; Test: typeof Test; agent: typeof TestAgent & ((app?: App, options?: AgentOptions) => TestAgent<Test>); }' has no call signatures.
test/admin-auth.e2e-spec.ts(251,13): error TS2349: This expression is not callable.
  Type '{ default: SuperTestStatic; Test: typeof Test; agent: typeof TestAgent & ((app?: App, options?: AgentOptions) => TestAgent<Test>); }' has no call signatures.
test/admin-auth.e2e-spec.ts(270,13): error TS2349: This expression is not callable.
  Type '{ default: SuperTestStatic; Test: typeof Test; agent: typeof TestAgent & ((app?: App, options?: AgentOptions) => TestAgent<Test>); }' has no call signatures.
test/admin-auth.e2e-spec.ts(286,13): error TS2349: This expression is not callable.
  Type '{ default: SuperTestStatic; Test: typeof Test; agent: typeof TestAgent & ((app?: App, options?: AgentOptions) => TestAgent<Test>); }' has no call signatures.
test/admin-auth.e2e-spec.ts(300,35): error TS2349: This expression is not callable.
  Type '{ default: SuperTestStatic; Test: typeof Test; agent: typeof TestAgent & ((app?: App, options?: AgentOptions) => TestAgent<Test>); }' has no call signatures.
test/admin-auth.e2e-spec.ts(312,13): error TS2349: This expression is not callable.
  Type '{ default: SuperTestStatic; Test: typeof Test; agent: typeof TestAgent & ((app?: App, options?: AgentOptions) => TestAgent<Test>); }' has no call signatures.
test/admin-auth.e2e-spec.ts(321,13): error TS2349: This expression is not callable.
  Type '{ default: SuperTestStatic; Test: typeof Test; agent: typeof TestAgent & ((app?: App, options?: AgentOptions) => TestAgent<Test>); }' has no call signatures.
test/admin-auth.e2e-spec.ts(330,13): error TS2349: This expression is not callable.
  Type '{ default: SuperTestStatic; Test: typeof Test; agent: typeof TestAgent & ((app?: App, options?: AgentOptions) => TestAgent<Test>); }' has no call signatures.
test/admin-auth.e2e-spec.ts(348,13): error TS2349: This expression is not callable.
  Type '{ default: SuperTestStatic; Test: typeof Test; agent: typeof TestAgent & ((app?: App, options?: AgentOptions) => TestAgent<Test>); }' has no call signatures.
test/admin-auth.e2e-spec.ts(362,9): error TS2349: This expression is not callable.
  Type '{ default: SuperTestStatic; Test: typeof Test; agent: typeof TestAgent & ((app?: App, options?: AgentOptions) => TestAgent<Test>); }' has no call signatures.
test/analytics.e2e-spec.ts(140,30): error TS2349: This expression is not callable.
  Type '{ default: SuperTestStatic; Test: typeof Test; agent: typeof TestAgent & ((app?: App, options?: AgentOptions) => TestAgent<Test>); }' has no call signatures.
test/analytics.e2e-spec.ts(164,13): error TS2349: This expression is not callable.
  Type '{ default: SuperTestStatic; Test: typeof Test; agent: typeof TestAgent & ((app?: App, options?: AgentOptions) => TestAgent<Test>); }' has no call signatures.
test/analytics.e2e-spec.ts(182,30): error TS2349: This expression is not callable.
  Type '{ default: SuperTestStatic; Test: typeof Test; agent: typeof TestAgent & ((app?: App, options?: AgentOptions) => TestAgent<Test>); }' has no call signatures.
test/analytics.e2e-spec.ts(205,30): error TS2349: This expression is not callable.
  Type '{ default: SuperTestStatic; Test: typeof Test; agent: typeof TestAgent & ((app?: App, options?: AgentOptions) => TestAgent<Test>); }' has no call signatures.
test/analytics.e2e-spec.ts(227,30): error TS2349: This expression is not callable.
  Type '{ default: SuperTestStatic; Test: typeof Test; agent: typeof TestAgent & ((app?: App, options?: AgentOptions) => TestAgent<Test>); }' has no call signatures.
test/analytics.e2e-spec.ts(252,30): error TS2349: This expression is not callable.
  Type '{ default: SuperTestStatic; Test: typeof Test; agent: typeof TestAgent & ((app?: App, options?: AgentOptions) => TestAgent<Test>); }' has no call signatures.
test/analytics.e2e-spec.ts(279,30): error TS2349: This expression is not callable.
  Type '{ default: SuperTestStatic; Test: typeof Test; agent: typeof TestAgent & ((app?: App, options?: AgentOptions) => TestAgent<Test>); }' has no call signatures.
test/analytics.e2e-spec.ts(310,30): error TS2349: This expression is not callable.
  Type '{ default: SuperTestStatic; Test: typeof Test; agent: typeof TestAgent & ((app?: App, options?: AgentOptions) => TestAgent<Test>); }' has no call signatures.
test/analytics.e2e-spec.ts(336,30): error TS2349: This expression is not callable.
  Type '{ default: SuperTestStatic; Test: typeof Test; agent: typeof TestAgent & ((app?: App, options?: AgentOptions) => TestAgent<Test>); }' has no call signatures.
test/analytics.e2e-spec.ts(357,30): error TS2349: This expression is not callable.
  Type '{ default: SuperTestStatic; Test: typeof Test; agent: typeof TestAgent & ((app?: App, options?: AgentOptions) => TestAgent<Test>); }' has no call signatures.
test/analytics.e2e-spec.ts(378,13): error TS2349: This expression is not callable.
  Type '{ default: SuperTestStatic; Test: typeof Test; agent: typeof TestAgent & ((app?: App, options?: AgentOptions) => TestAgent<Test>); }' has no call signatures.
test/analytics.e2e-spec.ts(398,13): error TS2349: This expression is not callable.
  Type '{ default: SuperTestStatic; Test: typeof Test; agent: typeof TestAgent & ((app?: App, options?: AgentOptions) => TestAgent<Test>); }' has no call signatures.
test/analytics.e2e-spec.ts(419,13): error TS2349: This expression is not callable.
  Type '{ default: SuperTestStatic; Test: typeof Test; agent: typeof TestAgent & ((app?: App, options?: AgentOptions) => TestAgent<Test>); }' has no call signatures.
test/analytics.e2e-spec.ts(431,13): error TS2349: This expression is not callable.
  Type '{ default: SuperTestStatic; Test: typeof Test; agent: typeof TestAgent & ((app?: App, options?: AgentOptions) => TestAgent<Test>); }' has no call signatures.
test/blockchain-monitoring-admin.e2e-spec.ts(4,27): error TS2307: Cannot find module '../../app.module' or its corresponding type declarations.
test/blockchain-monitoring-admin.e2e-spec.ts(20,33): error TS2349: This expression is not callable.
  Type '{ default: SuperTestStatic; Test: typeof Test; agent: typeof TestAgent & ((app?: App, options?: AgentOptions) => TestAgent<Test>); }' has no call signatures.
test/blockchain-monitoring-admin.e2e-spec.ts(36,14): error TS2349: This expression is not callable.
  Type '{ default: SuperTestStatic; Test: typeof Test; agent: typeof TestAgent & ((app?: App, options?: AgentOptions) => TestAgent<Test>); }' has no call signatures.
test/blockchain-monitoring-admin.e2e-spec.ts(47,14): error TS2349: This expression is not callable.
  Type '{ default: SuperTestStatic; Test: typeof Test; agent: typeof TestAgent & ((app?: App, options?: AgentOptions) => TestAgent<Test>); }' has no call signatures.
test/blockchain-monitoring-admin.e2e-spec.ts(55,14): error TS2349: This expression is not callable.
  Type '{ default: SuperTestStatic; Test: typeof Test; agent: typeof TestAgent & ((app?: App, options?: AgentOptions) => TestAgent<Test>); }' has no call signatures.
test/blockchain-monitoring-admin.e2e-spec.ts(66,14): error TS2349: This expression is not callable.
  Type '{ default: SuperTestStatic; Test: typeof Test; agent: typeof TestAgent & ((app?: App, options?: AgentOptions) => TestAgent<Test>); }' has no call signatures.
test/blockchain-monitoring-admin.e2e-spec.ts(76,14): error TS2349: This expression is not callable.
  Type '{ default: SuperTestStatic; Test: typeof Test; agent: typeof TestAgent & ((app?: App, options?: AgentOptions) => TestAgent<Test>); }' has no call signatures.
test/blockchain-monitoring-admin.e2e-spec.ts(88,14): error TS2349: This expression is not callable.
  Type '{ default: SuperTestStatic; Test: typeof Test; agent: typeof TestAgent & ((app?: App, options?: AgentOptions) => TestAgent<Test>); }' has no call signatures.
test/blockchain-monitoring-admin.e2e-spec.ts(105,14): error TS2349: This expression is not callable.
  Type '{ default: SuperTestStatic; Test: typeof Test; agent: typeof TestAgent & ((app?: App, options?: AgentOptions) => TestAgent<Test>); }' has no call signatures.
test/blockchain-monitoring-admin.e2e-spec.ts(120,14): error TS2349: This expression is not callable.
  Type '{ default: SuperTestStatic; Test: typeof Test; agent: typeof TestAgent & ((app?: App, options?: AgentOptions) => TestAgent<Test>); }' has no call signatures.
test/blockchain-monitoring-admin.e2e-spec.ts(138,31): error TS2349: This expression is not callable.
  Type '{ default: SuperTestStatic; Test: typeof Test; agent: typeof TestAgent & ((app?: App, options?: AgentOptions) => TestAgent<Test>); }' has no call signatures.
test/blockchain-monitoring-admin.e2e-spec.ts(144,16): error TS2349: This expression is not callable.
  Type '{ default: SuperTestStatic; Test: typeof Test; agent: typeof TestAgent & ((app?: App, options?: AgentOptions) => TestAgent<Test>); }' has no call signatures.
